[0.077s] DEBUG:colcon:Command line arguments: ['/usr/bin/colcon', 'build', '--symlink-install']
[0.077s] DEBUG:colcon:Parsed command line arguments: Namespace(log_base=None, log_level=None, verb_name='build', build_base='build', install_base='install', merge_install=False, symlink_install=True, test_result_base=None, continue_on_error=False, executor='parallel', parallel_workers=12, event_handlers=None, ignore_user_meta=False, metas=['./colcon.meta'], base_paths=['.'], packages_ignore=None, packages_ignore_regex=None, paths=None, packages_up_to=None, packages_up_to_regex=None, packages_above=None, packages_above_and_dependencies=None, packages_above_depth=None, packages_select_by_dep=None, packages_skip_by_dep=None, packages_skip_up_to=None, packages_select_build_failed=False, packages_skip_build_finished=False, packages_select_test_failures=False, packages_skip_test_passed=False, packages_select=None, packages_skip=None, packages_select_regex=None, packages_skip_regex=None, packages_start=None, packages_end=None, cmake_args=None, cmake_target=None, cmake_target_skip_unavailable=False, cmake_clean_cache=False, cmake_clean_first=False, cmake_force_configure=False, ament_cmake_args=None, catkin_cmake_args=None, catkin_skip_building_tests=False, mixin_files=None, mixin=None, verb_parser=<colcon_mixin.mixin.mixin_argument.MixinArgumentDecorator object at 0x7b0c2c94da20>, verb_extension=<colcon_core.verb.build.BuildVerb object at 0x7b0c2c94d4b0>, main=<bound method BuildVerb.main of <colcon_core.verb.build.BuildVerb object at 0x7b0c2c94d4b0>>, mixin_verb=('build',))
[0.168s] Level 1:colcon.colcon_core.package_discovery:discover_packages(colcon_meta) check parameters
[0.168s] Level 1:colcon.colcon_core.package_discovery:discover_packages(recursive) check parameters
[0.168s] Level 1:colcon.colcon_core.package_discovery:discover_packages(ignore) check parameters
[0.168s] Level 1:colcon.colcon_core.package_discovery:discover_packages(path) check parameters
[0.168s] Level 1:colcon.colcon_core.package_discovery:discover_packages(colcon_meta) discover
[0.168s] Level 1:colcon.colcon_core.package_discovery:discover_packages(recursive) discover
[0.168s] INFO:colcon.colcon_core.package_discovery:Crawling recursively for packages in '/home/sarah/robmob_ws/src/my_teleop_joy'
[0.168s] Level 1:colcon.colcon_core.package_identification:_identify(.) by extensions ['ignore', 'ignore_ament_install']
[0.168s] Level 1:colcon.colcon_core.package_identification:_identify(.) by extension 'ignore'
[0.168s] Level 1:colcon.colcon_core.package_identification:_identify(.) by extension 'ignore_ament_install'
[0.168s] Level 1:colcon.colcon_core.package_identification:_identify(.) by extensions ['colcon_pkg']
[0.168s] Level 1:colcon.colcon_core.package_identification:_identify(.) by extension 'colcon_pkg'
[0.169s] Level 1:colcon.colcon_core.package_identification:_identify(.) by extensions ['colcon_meta']
[0.169s] Level 1:colcon.colcon_core.package_identification:_identify(.) by extension 'colcon_meta'
[0.169s] Level 1:colcon.colcon_core.package_identification:_identify(.) by extensions ['ros']
[0.169s] Level 1:colcon.colcon_core.package_identification:_identify(.) by extension 'ros'
[0.184s] DEBUG:colcon.colcon_core.package_identification:Package '.' with type 'ros.ament_python' and name 'my_teleop_joy'
[0.184s] Level 1:colcon.colcon_core.package_discovery:discover_packages(recursive) using defaults
[0.184s] Level 1:colcon.colcon_core.package_discovery:discover_packages(ignore) discover
[0.184s] Level 1:colcon.colcon_core.package_discovery:discover_packages(ignore) using defaults
[0.184s] Level 1:colcon.colcon_core.package_discovery:discover_packages(path) discover
[0.184s] Level 1:colcon.colcon_core.package_discovery:discover_packages(path) using defaults
[0.196s] Level 5:colcon.colcon_core.verb:set package 'my_teleop_joy' build argument 'cmake_args' from command line to 'None'
[0.197s] Level 5:colcon.colcon_core.verb:set package 'my_teleop_joy' build argument 'cmake_target' from command line to 'None'
[0.197s] Level 5:colcon.colcon_core.verb:set package 'my_teleop_joy' build argument 'cmake_target_skip_unavailable' from command line to 'False'
[0.197s] Level 5:colcon.colcon_core.verb:set package 'my_teleop_joy' build argument 'cmake_clean_cache' from command line to 'False'
[0.197s] Level 5:colcon.colcon_core.verb:set package 'my_teleop_joy' build argument 'cmake_clean_first' from command line to 'False'
[0.197s] Level 5:colcon.colcon_core.verb:set package 'my_teleop_joy' build argument 'cmake_force_configure' from command line to 'False'
[0.197s] Level 5:colcon.colcon_core.verb:set package 'my_teleop_joy' build argument 'ament_cmake_args' from command line to 'None'
[0.197s] Level 5:colcon.colcon_core.verb:set package 'my_teleop_joy' build argument 'catkin_cmake_args' from command line to 'None'
[0.197s] Level 5:colcon.colcon_core.verb:set package 'my_teleop_joy' build argument 'catkin_skip_building_tests' from command line to 'False'
[0.197s] DEBUG:colcon.colcon_core.verb:Building package 'my_teleop_joy' with the following arguments: {'ament_cmake_args': None, 'build_base': '/home/sarah/robmob_ws/src/my_teleop_joy/build/my_teleop_joy', 'catkin_cmake_args': None, 'catkin_skip_building_tests': False, 'cmake_args': None, 'cmake_clean_cache': False, 'cmake_clean_first': False, 'cmake_force_configure': False, 'cmake_target': None, 'cmake_target_skip_unavailable': False, 'install_base': '/home/sarah/robmob_ws/src/my_teleop_joy/install/my_teleop_joy', 'merge_install': False, 'path': '/home/sarah/robmob_ws/src/my_teleop_joy', 'symlink_install': True, 'test_result_base': None}
[0.197s] INFO:colcon.colcon_core.executor:Executing jobs using 'parallel' executor
[0.197s] DEBUG:colcon.colcon_parallel_executor.executor.parallel:run_until_complete
[0.198s] INFO:colcon.colcon_ros.task.ament_python.build:Building ROS package in '/home/sarah/robmob_ws/src/my_teleop_joy' with build type 'ament_python'
[0.198s] Level 1:colcon.colcon_core.shell:create_environment_hook('my_teleop_joy', 'ament_prefix_path')
[0.200s] INFO:colcon.colcon_core.plugin_system:Skipping extension 'colcon_core.shell.bat': Not used on non-Windows systems
[0.200s] INFO:colcon.colcon_core.shell:Creating environment hook '/home/sarah/robmob_ws/src/my_teleop_joy/install/my_teleop_joy/share/my_teleop_joy/hook/ament_prefix_path.ps1'
[0.201s] INFO:colcon.colcon_core.shell:Creating environment descriptor '/home/sarah/robmob_ws/src/my_teleop_joy/install/my_teleop_joy/share/my_teleop_joy/hook/ament_prefix_path.dsv'
[0.202s] INFO:colcon.colcon_core.shell:Creating environment hook '/home/sarah/robmob_ws/src/my_teleop_joy/install/my_teleop_joy/share/my_teleop_joy/hook/ament_prefix_path.sh'
[0.202s] INFO:colcon.colcon_core.shell:Skip shell extension 'powershell' for command environment: Not usable outside of PowerShell
[0.202s] DEBUG:colcon.colcon_core.shell:Skip shell extension 'dsv' for command environment
[0.371s] INFO:colcon.colcon_core.task.python.build:Building Python package in '/home/sarah/robmob_ws/src/my_teleop_joy'
[0.371s] INFO:colcon.colcon_core.shell:Skip shell extension 'powershell' for command environment: Not usable outside of PowerShell
[0.371s] DEBUG:colcon.colcon_core.shell:Skip shell extension 'dsv' for command environment
[0.595s] DEBUG:colcon.colcon_core.event_handler.log_command:Invoking command in '/home/sarah/robmob_ws/src/my_teleop_joy/build/my_teleop_joy': PYTHONPATH=/home/sarah/robmob_ws/src/my_teleop_joy/build/my_teleop_joy/prefix_override:/usr/lib/python3/dist-packages/colcon_core/task/python/colcon_distutils_commands:/home/sarah/robmob_ws/src/my_teleop_joy/install/my_teleop_joy/lib/python3.10/site-packages:${PYTHONPATH} /usr/bin/python3 -W ignore:setup.py install is deprecated -W ignore:easy_install command is deprecated setup.py develop --editable --build-directory /home/sarah/robmob_ws/src/my_teleop_joy/build/my_teleop_joy/build --no-deps symlink_data
[0.890s] Level 1:colcon.colcon_core.shell:create_environment_hook('my_teleop_joy', 'pythonpath_develop')
[0.890s] INFO:colcon.colcon_core.shell:Creating environment hook '/home/sarah/robmob_ws/src/my_teleop_joy/build/my_teleop_joy/share/my_teleop_joy/hook/pythonpath_develop.ps1'
[0.890s] DEBUG:colcon.colcon_core.event_handler.log_command:Invoked command in '/home/sarah/robmob_ws/src/my_teleop_joy/build/my_teleop_joy' returned '0': PYTHONPATH=/home/sarah/robmob_ws/src/my_teleop_joy/build/my_teleop_joy/prefix_override:/usr/lib/python3/dist-packages/colcon_core/task/python/colcon_distutils_commands:/home/sarah/robmob_ws/src/my_teleop_joy/install/my_teleop_joy/lib/python3.10/site-packages:${PYTHONPATH} /usr/bin/python3 -W ignore:setup.py install is deprecated -W ignore:easy_install command is deprecated setup.py develop --editable --build-directory /home/sarah/robmob_ws/src/my_teleop_joy/build/my_teleop_joy/build --no-deps symlink_data
[0.891s] INFO:colcon.colcon_core.shell:Creating environment descriptor '/home/sarah/robmob_ws/src/my_teleop_joy/build/my_teleop_joy/share/my_teleop_joy/hook/pythonpath_develop.dsv'
[0.891s] INFO:colcon.colcon_core.shell:Creating environment hook '/home/sarah/robmob_ws/src/my_teleop_joy/build/my_teleop_joy/share/my_teleop_joy/hook/pythonpath_develop.sh'
[0.894s] Level 1:colcon.colcon_core.environment:checking '/home/sarah/robmob_ws/src/my_teleop_joy/install/my_teleop_joy' for CMake module files
[0.895s] Level 1:colcon.colcon_core.environment:checking '/home/sarah/robmob_ws/src/my_teleop_joy/install/my_teleop_joy' for CMake config files
[0.895s] Level 1:colcon.colcon_core.environment:checking '/home/sarah/robmob_ws/src/my_teleop_joy/install/my_teleop_joy/lib'
[0.895s] Level 1:colcon.colcon_core.environment:checking '/home/sarah/robmob_ws/src/my_teleop_joy/install/my_teleop_joy/bin'
[0.895s] Level 1:colcon.colcon_core.environment:checking '/home/sarah/robmob_ws/src/my_teleop_joy/install/my_teleop_joy/lib/pkgconfig/my_teleop_joy.pc'
[0.896s] Level 1:colcon.colcon_core.environment:checking '/home/sarah/robmob_ws/src/my_teleop_joy/install/my_teleop_joy/lib/python3.10/site-packages'
[0.896s] Level 1:colcon.colcon_core.shell:create_environment_hook('my_teleop_joy', 'pythonpath')
[0.896s] INFO:colcon.colcon_core.shell:Creating environment hook '/home/sarah/robmob_ws/src/my_teleop_joy/install/my_teleop_joy/share/my_teleop_joy/hook/pythonpath.ps1'
[0.896s] INFO:colcon.colcon_core.shell:Creating environment descriptor '/home/sarah/robmob_ws/src/my_teleop_joy/install/my_teleop_joy/share/my_teleop_joy/hook/pythonpath.dsv'
[0.897s] INFO:colcon.colcon_core.shell:Creating environment hook '/home/sarah/robmob_ws/src/my_teleop_joy/install/my_teleop_joy/share/my_teleop_joy/hook/pythonpath.sh'
[0.897s] Level 1:colcon.colcon_core.environment:checking '/home/sarah/robmob_ws/src/my_teleop_joy/install/my_teleop_joy/bin'
[0.897s] Level 1:colcon.colcon_core.environment:create_environment_scripts_only(my_teleop_joy)
[0.898s] INFO:colcon.colcon_core.shell:Creating package script '/home/sarah/robmob_ws/src/my_teleop_joy/install/my_teleop_joy/share/my_teleop_joy/package.ps1'
[0.898s] INFO:colcon.colcon_core.shell:Creating package descriptor '/home/sarah/robmob_ws/src/my_teleop_joy/install/my_teleop_joy/share/my_teleop_joy/package.dsv'
[0.899s] INFO:colcon.colcon_core.shell:Creating package script '/home/sarah/robmob_ws/src/my_teleop_joy/install/my_teleop_joy/share/my_teleop_joy/package.sh'
[0.900s] INFO:colcon.colcon_core.shell:Creating package script '/home/sarah/robmob_ws/src/my_teleop_joy/install/my_teleop_joy/share/my_teleop_joy/package.bash'
[0.900s] INFO:colcon.colcon_core.shell:Creating package script '/home/sarah/robmob_ws/src/my_teleop_joy/install/my_teleop_joy/share/my_teleop_joy/package.zsh'
[0.901s] Level 1:colcon.colcon_core.environment:create_file_with_runtime_dependencies(/home/sarah/robmob_ws/src/my_teleop_joy/install/my_teleop_joy/share/colcon-core/packages/my_teleop_joy)
[0.901s] DEBUG:colcon.colcon_parallel_executor.executor.parallel:closing loop
[0.901s] DEBUG:colcon.colcon_parallel_executor.executor.parallel:loop closed
[0.901s] DEBUG:colcon.colcon_parallel_executor.executor.parallel:run_until_complete finished with '0'
[0.901s] DEBUG:colcon.colcon_core.event_reactor:joining thread
[0.907s] INFO:colcon.colcon_core.plugin_system:Skipping extension 'colcon_notification.desktop_notification.notify_send': Could not find 'notify-send'
[0.907s] INFO:colcon.colcon_core.plugin_system:Skipping extension 'colcon_notification.desktop_notification.terminal_notifier': Not used on non-Darwin systems
[0.907s] INFO:colcon.colcon_core.plugin_system:Skipping extension 'colcon_notification.desktop_notification.win32': Not used on non-Windows systems
[0.907s] INFO:colcon.colcon_notification.desktop_notification:Sending desktop notification using 'notify2'
[0.908s] DEBUG:colcon.colcon_notification.desktop_notification.notify2:Failed to initialize notify2: org.freedesktop.DBus.Error.Spawn.ExecFailed: /usr/bin/dbus-launch terminated abnormally without any error message
[0.909s] DEBUG:colcon.colcon_core.event_reactor:joined thread
[0.909s] INFO:colcon.colcon_core.shell:Creating prefix script '/home/sarah/robmob_ws/src/my_teleop_joy/install/local_setup.ps1'
[0.910s] INFO:colcon.colcon_core.shell:Creating prefix util module '/home/sarah/robmob_ws/src/my_teleop_joy/install/_local_setup_util_ps1.py'
[0.911s] INFO:colcon.colcon_core.shell:Creating prefix chain script '/home/sarah/robmob_ws/src/my_teleop_joy/install/setup.ps1'
[0.913s] INFO:colcon.colcon_core.shell:Creating prefix script '/home/sarah/robmob_ws/src/my_teleop_joy/install/local_setup.sh'
[0.914s] INFO:colcon.colcon_core.shell:Creating prefix util module '/home/sarah/robmob_ws/src/my_teleop_joy/install/_local_setup_util_sh.py'
[0.914s] INFO:colcon.colcon_core.shell:Creating prefix chain script '/home/sarah/robmob_ws/src/my_teleop_joy/install/setup.sh'
[0.915s] INFO:colcon.colcon_core.shell:Creating prefix script '/home/sarah/robmob_ws/src/my_teleop_joy/install/local_setup.bash'
[0.916s] INFO:colcon.colcon_core.shell:Creating prefix chain script '/home/sarah/robmob_ws/src/my_teleop_joy/install/setup.bash'
[0.917s] INFO:colcon.colcon_core.shell:Creating prefix script '/home/sarah/robmob_ws/src/my_teleop_joy/install/local_setup.zsh'
[0.917s] INFO:colcon.colcon_core.shell:Creating prefix chain script '/home/sarah/robmob_ws/src/my_teleop_joy/install/setup.zsh'
