[0.397s] Invoking command in '/home/sarah/robmob_ws/src/my_teleop_joy/build/my_teleop_joy': PYTHONPATH=/home/sarah/robmob_ws/src/my_teleop_joy/build/my_teleop_joy/prefix_override:/usr/lib/python3/dist-packages/colcon_core/task/python/colcon_distutils_commands:/home/sarah/robmob_ws/src/my_teleop_joy/install/my_teleop_joy/lib/python3.10/site-packages:${PYTHONPATH} /usr/bin/python3 -W ignore:setup.py install is deprecated -W ignore:easy_install command is deprecated setup.py develop --editable --build-directory /home/sarah/robmob_ws/src/my_teleop_joy/build/my_teleop_joy/build --no-deps symlink_data
[0.576s] running develop
[0.670s] running egg_info
[0.670s] creating my_teleop_joy.egg-info
[0.670s] writing my_teleop_joy.egg-info/PKG-INFO
[0.670s] writing dependency_links to my_teleop_joy.egg-info/dependency_links.txt
[0.670s] writing entry points to my_teleop_joy.egg-info/entry_points.txt
[0.671s] writing requirements to my_teleop_joy.egg-info/requires.txt
[0.671s] writing top-level names to my_teleop_joy.egg-info/top_level.txt
[0.671s] writing manifest file 'my_teleop_joy.egg-info/SOURCES.txt'
[0.672s] reading manifest file 'my_teleop_joy.egg-info/SOURCES.txt'
[0.672s] writing manifest file 'my_teleop_joy.egg-info/SOURCES.txt'
[0.673s] running build_ext
[0.673s] Creating /home/sarah/robmob_ws/src/my_teleop_joy/install/my_teleop_joy/lib/python3.10/site-packages/my-teleop-joy.egg-link (link to .)
[0.674s] Installing my_teleop_joy_node script to /home/sarah/robmob_ws/src/my_teleop_joy/install/my_teleop_joy/lib/my_teleop_joy
[0.674s] 
[0.674s] Installed /home/sarah/robmob_ws/src/my_teleop_joy/build/my_teleop_joy
[0.674s] running symlink_data
[0.674s] creating /home/sarah/robmob_ws/src/my_teleop_joy/install/my_teleop_joy/share/ament_index
[0.674s] creating /home/sarah/robmob_ws/src/my_teleop_joy/install/my_teleop_joy/share/ament_index/resource_index
[0.674s] creating /home/sarah/robmob_ws/src/my_teleop_joy/install/my_teleop_joy/share/ament_index/resource_index/packages
[0.675s] symbolically linking /home/sarah/robmob_ws/src/my_teleop_joy/build/my_teleop_joy/resource/my_teleop_joy -> /home/sarah/robmob_ws/src/my_teleop_joy/install/my_teleop_joy/share/ament_index/resource_index/packages
[0.675s] symbolically linking /home/sarah/robmob_ws/src/my_teleop_joy/build/my_teleop_joy/package.xml -> /home/sarah/robmob_ws/src/my_teleop_joy/install/my_teleop_joy/share/my_teleop_joy
[0.675s] creating /home/sarah/robmob_ws/src/my_teleop_joy/install/my_teleop_joy/share/my_teleop_joy/launch
[0.675s] symbolically linking /home/sarah/robmob_ws/src/my_teleop_joy/build/my_teleop_joy/launch/launch_joy.py -> /home/sarah/robmob_ws/src/my_teleop_joy/install/my_teleop_joy/share/my_teleop_joy/launch
[0.675s] creating /home/sarah/robmob_ws/src/my_teleop_joy/install/my_teleop_joy/share/my_teleop_joy/rviz
[0.675s] symbolically linking /home/sarah/robmob_ws/src/my_teleop_joy/build/my_teleop_joy/rviz/turtlebot_config.rviz -> /home/sarah/robmob_ws/src/my_teleop_joy/install/my_teleop_joy/share/my_teleop_joy/rviz
[0.675s] symbolically linking /home/sarah/robmob_ws/src/my_teleop_joy/build/my_teleop_joy/launch/rviz_launch.py -> /home/sarah/robmob_ws/src/my_teleop_joy/install/my_teleop_joy/share/my_teleop_joy/launch
[0.675s] symbolically linking /home/sarah/robmob_ws/src/my_teleop_joy/build/my_teleop_joy/launch/inflate_map.launch.py -> /home/sarah/robmob_ws/src/my_teleop_joy/install/my_teleop_joy/share/my_teleop_joy/launch
[0.692s] Invoked command in '/home/sarah/robmob_ws/src/my_teleop_joy/build/my_teleop_joy' returned '0': PYTHONPATH=/home/sarah/robmob_ws/src/my_teleop_joy/build/my_teleop_joy/prefix_override:/usr/lib/python3/dist-packages/colcon_core/task/python/colcon_distutils_commands:/home/sarah/robmob_ws/src/my_teleop_joy/install/my_teleop_joy/lib/python3.10/site-packages:${PYTHONPATH} /usr/bin/python3 -W ignore:setup.py install is deprecated -W ignore:easy_install command is deprecated setup.py develop --editable --build-directory /home/sarah/robmob_ws/src/my_teleop_joy/build/my_teleop_joy/build --no-deps symlink_data
